../Core/Src/main.c:69:6:led_mode_0	8	static
../Core/Src/main.c:82:6:led_mode_1	8	static
../Core/Src/main.c:103:6:led_mode_2	8	static
../Core/Src/main.c:122:6:led_mode_3	24	static
../Core/Src/main.c:158:5:main	8	static
../Core/Src/main.c:216:6:SystemClock_Config	88	static
../Core/Src/main.c:262:13:MX_I2C1_Init	8	static
../Core/Src/main.c:296:13:MX_I2S3_Init	8	static
../Core/Src/main.c:330:13:MX_SPI1_Init	8	static
../Core/Src/main.c:368:13:MX_GPIO_Init	56	static
../Core/Src/main.c:473:6:Error_Handler	4	static,ignoring_inline_asm
